modules loaded

Currently Loaded Modules:
  1) build/gcc-7.2.0   2) languages/anaconda2/5.0.1   3) tools/git/2.18.0

2018-11-07 10:02:50,678 - isca - INFO - Writing path_names to '/mnt/storage/home/dm16883/Exo-planets/Model_runs/codebase/_mnt_storage_home_dm16883_Exo-planets_Isca/build/isca/path_names'
2018-11-07 10:02:50,691 - isca - INFO - Running compiler
2018-11-07 10:02:50,888 - isca - INFO - loadmodules for Bluecrystal 4 machines
2018-11-07 10:02:51,201 - isca - INFO - Currently Loaded Modules:
2018-11-07 10:02:51,201 - isca - INFO - 1) GCCcore/5.4.0                     6) vtune/2017.1.132-GCC-5.4.0-2.26
2018-11-07 10:02:51,201 - isca - INFO - 2) binutils/2.26-GCCcore-5.4.0       7) imkl/2017.1.132-GCC-5.4.0-2.26
2018-11-07 10:02:51,201 - isca - INFO - 3) icc/2017.1.132-GCC-5.4.0-2.26     8) languages/intel/2017.01
2018-11-07 10:02:51,201 - isca - INFO - 4) ifort/2017.1.132-GCC-5.4.0-2.26   9) libs/hdf5/1.10.1.MPI
2018-11-07 10:02:51,201 - isca - INFO - 5) impi/2017.1.132-GCC-5.4.0-2.26   10) libs/netcdf/4.4.1.1.MPI
2018-11-07 10:02:51,230 - isca - INFO - /mnt/storage/home/dm16883/Exo-planets/Model_runs/codebase/_mnt_storage_home_dm16883_Exo-planets_Isca/build/isca/path_names
2018-11-07 10:02:55,382 - isca - INFO - ................................................................................................................................................................................................... Makefile is ready.
2018-11-07 10:02:55,585 - isca - INFO - make: Nothing to be done for `all'.
2018-11-07 10:02:55,769 - isca - INFO - make: `isca.x' is up to date.
2018-11-07 10:02:55,775 - isca - INFO - Compilation complete.
2018-11-07 10:02:55,776 - isca - DEBUG - Making directory '/mnt/storage/home/dm16883/Exo-planets/Model_runs/experiment/earth1'
2018-11-07 10:02:55,795 - isca - WARNING - Tried to remove run directory but it doesnt exist
2018-11-07 10:02:55,804 - isca - INFO - Emptied run directory '/mnt/storage/home/dm16883/Exo-planets/Model_runs/experiment/earth1/run'
2018-11-07 10:02:55,845 - isca - INFO - Emptied run directory '/mnt/storage/home/dm16883/Exo-planets/Model_runs/experiment/earth1/run'
2018-11-07 10:02:56,268 - isca - INFO - Writing namelist to '/mnt/storage/home/dm16883/Exo-planets/Model_runs/experiment/earth1/run/input.nml'
2018-11-07 10:02:56,270 - isca - INFO - Writing field_table to '/mnt/storage/home/dm16883/Exo-planets/Model_runs/experiment/earth1/run/field_table'
2018-11-07 10:02:56,293 - isca - INFO - Writing diag_table to '/mnt/storage/home/dm16883/Exo-planets/Model_runs/experiment/earth1/run/diag_table'
2018-11-07 10:02:56,477 - isca - INFO - Running without restart file
2018-11-07 10:02:56,481 - isca - INFO - Beginning run 1
2018-11-07 10:02:56,485 - isca - INFO - process running as 31265
2018-11-07 10:02:56,603 - isca - DEBUG - loadmodules for Bluecrystal 4 machines
2018-11-07 10:02:56,774 - isca - DEBUG - 
2018-11-07 10:02:56,774 - isca - DEBUG - Currently Loaded Modules:
2018-11-07 10:02:56,774 - isca - DEBUG - 1) GCCcore/5.4.0                     6) vtune/2017.1.132-GCC-5.4.0-2.26
2018-11-07 10:02:56,774 - isca - DEBUG - 2) binutils/2.26-GCCcore-5.4.0       7) imkl/2017.1.132-GCC-5.4.0-2.26
2018-11-07 10:02:56,774 - isca - DEBUG - 3) icc/2017.1.132-GCC-5.4.0-2.26     8) languages/intel/2017.01
2018-11-07 10:02:56,774 - isca - DEBUG - 4) ifort/2017.1.132-GCC-5.4.0-2.26   9) libs/hdf5/1.10.1.MPI
2018-11-07 10:02:56,774 - isca - DEBUG - 5) impi/2017.1.132-GCC-5.4.0-2.26   10) libs/netcdf/4.4.1.1.MPI
2018-11-07 10:02:56,774 - isca - DEBUG - 
2018-11-07 10:02:57,721 - isca - DEBUG - NOTE from PE    0: MPP_DOMAINS_SET_STACK_SIZE: stack size set to    32768.
2018-11-07 10:02:57,721 - isca - DEBUG - &MPP_IO_NML
2018-11-07 10:02:57,721 - isca - DEBUG - HEADER_BUFFER_VAL       =       16384,
2018-11-07 10:02:57,721 - isca - DEBUG - GLOBAL_FIELD_ON_ROOT_PE = T,
2018-11-07 10:02:57,722 - isca - DEBUG - IO_CLOCKS_ON    = F,
2018-11-07 10:02:57,722 - isca - DEBUG - SHUFFLE =           0,
2018-11-07 10:02:57,723 - isca - DEBUG - DEFLATE_LEVEL   =          -1
2018-11-07 10:02:57,723 - isca - DEBUG - /
2018-11-07 10:02:57,723 - isca - DEBUG - NOTE from PE    0: MPP_IO_SET_STACK_SIZE: stack size set to     131072.
2018-11-07 10:02:57,725 - isca - DEBUG - NOTE from PE    0: MPP_DOMAINS_SET_STACK_SIZE: stack size set to   600000.
2018-11-07 10:02:57,731 - isca - DEBUG - starting            1  OpenMP threads per MPI-task
2018-11-07 10:02:57,731 - isca - DEBUG - ATMOS MODEL DOMAIN DECOMPOSITION
2018-11-07 10:02:57,731 - isca - DEBUG - X-AXIS =  128
2018-11-07 10:02:57,731 - isca - DEBUG - Y-AXIS =   16  16  16  16
2018-11-07 10:02:57,750 - isca - DEBUG - Message from subroutine regularize: lambda=  1.00000000E-07  fraction_smoothed=  3.32996833E-01
2018-11-07 10:02:57,751 - isca - DEBUG - Message from subroutine regularize: lambda=  2.00000000E-07  fraction_smoothed=  4.27244378E-01
2018-11-07 10:02:57,753 - isca - DEBUG - Message from subroutine regularize: lambda=  5.95506981E-07  fraction_smoothed=  6.24173077E-01
2018-11-07 10:02:57,756 - isca - DEBUG - Message from subroutine regularize: lambda=  9.48633651E-07  fraction_smoothed=  7.08755612E-01
2018-11-07 10:02:57,759 - isca - DEBUG - Message from subroutine regularize: lambda=  1.32957313E-06  fraction_smoothed=  7.64227308E-01
2018-11-07 10:02:57,762 - isca - DEBUG - Message from subroutine regularize: lambda=  1.57523410E-06  fraction_smoothed=  7.89588033E-01
2018-11-07 10:02:57,765 - isca - DEBUG - Message from subroutine regularize: lambda=  1.67609138E-06  fraction_smoothed=  7.98416297E-01
2018-11-07 10:02:57,768 - isca - DEBUG - Message from subroutine regularize: lambda=  1.69418418E-06  fraction_smoothed=  7.99918309E-01
2018-11-07 10:02:57,771 - isca - DEBUG - Message from subroutine regularize: lambda=  1.69418418E-06  fraction_smoothed=  7.99918309E-01
2018-11-07 10:02:57,771 - isca - DEBUG - 
2018-11-07 10:02:57,771 - isca - DEBUG - Message from subroutine get_topography:
2018-11-07 10:02:57,771 - isca - DEBUG - lambda=  1.69418418E-06  fraction_smoothed=  7.99918309E-01
2018-11-07 10:02:57,771 - isca - DEBUG - 
2018-11-07 10:02:57,791 - isca - DEBUG - mean surface pressure= 973.2448 mb
2018-11-07 10:02:57,808 - isca - DEBUG - NOTE from PE    0: idealized_moist_phys: Using Betts-Miller convection scheme.
2018-11-07 10:02:57,813 - isca - DEBUG - NOTE from PE    0: interpolator_mod :sst_clim_amip.nc is a year-independent climatology file
2018-11-07 10:02:57,813 - isca - DEBUG - Initializing src field : sst_clim_amip
2018-11-07 10:02:57,817 - isca - DEBUG - NOTE from PE    0: interpolator_mod :siconc_clim_amip.nc is a year-independent climatology file
2018-11-07 10:02:57,817 - isca - DEBUG - Initializing src field : siconc_clim_amip
2018-11-07 10:02:57,873 - isca - DEBUG - NOTE from PE    0: interpolator_mod :ozone_1990.nc is a year-independent climatology file
2018-11-07 10:02:57,874 - isca - DEBUG - Initializing src field : ozone_1990
2018-11-07 10:02:57,939 - isca - DEBUG - forrtl: severe (174): SIGSEGV, segmentation fault occurred
2018-11-07 10:02:57,939 - isca - DEBUG - Image              PC                Routine            Line        Source
2018-11-07 10:02:57,939 - isca - DEBUG - libintlc.so.5      00002B80E079DBF1  tbk_trace_stack_i     Unknown  Unknown
2018-11-07 10:02:57,939 - isca - DEBUG - libintlc.so.5      00002B80E079BD2B  tbk_string_stack_     Unknown  Unknown
2018-11-07 10:02:57,939 - isca - DEBUG - libifcoremt.so.5   00002B80DEDE5AC2  Unknown               Unknown  Unknown
2018-11-07 10:02:57,939 - isca - DEBUG - libifcoremt.so.5   00002B80DEDE5916  tbk_stack_trace       Unknown  Unknown
2018-11-07 10:02:57,939 - isca - DEBUG - libifcoremt.so.5   00002B80DED3EAB0  for__issue_diagno     Unknown  Unknown
2018-11-07 10:02:57,939 - isca - DEBUG - libifcoremt.so.5   00002B80DED50658  for__signal_handl     Unknown  Unknown
2018-11-07 10:02:57,939 - isca - DEBUG - libpthread-2.17.s  00002B80DE8C3370  Unknown               Unknown  Unknown
2018-11-07 10:02:57,939 - isca - DEBUG - isca.x             0000000000CF50A5  Unknown               Unknown  Unknown
2018-11-07 10:02:57,939 - isca - DEBUG - isca.x             0000000000D7F8E5  Unknown               Unknown  Unknown
2018-11-07 10:02:57,939 - isca - DEBUG - isca.x             0000000000544398  Unknown               Unknown  Unknown
2018-11-07 10:02:57,939 - isca - DEBUG - isca.x             000000000041B557  Unknown               Unknown  Unknown
2018-11-07 10:02:57,940 - isca - DEBUG - isca.x             0000000000E2E87F  Unknown               Unknown  Unknown
2018-11-07 10:02:57,940 - isca - DEBUG - isca.x             000000000040522E  Unknown               Unknown  Unknown
2018-11-07 10:02:57,940 - isca - DEBUG - libc-2.17.so       00002B80E0A12B35  __libc_start_main     Unknown  Unknown
2018-11-07 10:02:57,940 - isca - DEBUG - isca.x             0000000000405129  Unknown               Unknown  Unknown
2018-11-07 10:02:57,940 - isca - DEBUG - forrtl: severe (174): SIGSEGV, segmentation fault occurred
2018-11-07 10:02:57,940 - isca - DEBUG - Image              PC                Routine            Line        Source
2018-11-07 10:02:57,940 - isca - DEBUG - libintlc.so.5      00002AF7C6099BF1  tbk_trace_stack_i     Unknown  Unknown
2018-11-07 10:02:57,940 - isca - DEBUG - libintlc.so.5      00002AF7C6097D2B  tbk_string_stack_     Unknown  Unknown
2018-11-07 10:02:57,940 - isca - DEBUG - libifcoremt.so.5   00002AF7C46E1AC2  Unknown               Unknown  Unknown
2018-11-07 10:02:57,940 - isca - DEBUG - libifcoremt.so.5   00002AF7C46E1916  tbk_stack_trace       Unknown  Unknown
2018-11-07 10:02:57,940 - isca - DEBUG - libifcoremt.so.5   00002AF7C463AAB0  for__issue_diagno     Unknown  Unknown
2018-11-07 10:02:57,940 - isca - DEBUG - libifcoremt.so.5   00002AF7C464C658  for__signal_handl     Unknown  Unknown
2018-11-07 10:02:57,940 - isca - DEBUG - libpthread-2.17.s  00002AF7C41BF370  Unknown               Unknown  Unknown
2018-11-07 10:02:57,940 - isca - DEBUG - isca.x             0000000000CF50A5  Unknown               Unknown  Unknown
2018-11-07 10:02:57,940 - isca - DEBUG - isca.x             0000000000D7F8E5  Unknown               Unknown  Unknown
2018-11-07 10:02:57,940 - isca - DEBUG - isca.x             0000000000544398  Unknown               Unknown  Unknown
2018-11-07 10:02:57,940 - isca - DEBUG - isca.x             000000000041B557  Unknown               Unknown  Unknown
2018-11-07 10:02:57,940 - isca - DEBUG - isca.x             0000000000E2E87F  Unknown               Unknown  Unknown
2018-11-07 10:02:57,940 - isca - DEBUG - isca.x             000000000040522E  Unknown               Unknown  Unknown
2018-11-07 10:02:57,941 - isca - DEBUG - libc-2.17.so       00002AF7C630EB35  __libc_start_main     Unknown  Unknown
2018-11-07 10:02:57,941 - isca - DEBUG - isca.x             0000000000405129  Unknown               Unknown  Unknown
2018-11-07 10:02:57,941 - isca - DEBUG - forrtl: severe (174): SIGSEGV, segmentation fault occurred
2018-11-07 10:02:57,941 - isca - DEBUG - Image              PC                Routine            Line        Source
2018-11-07 10:02:57,941 - isca - DEBUG - libintlc.so.5      00002B57DF4DDBF1  tbk_trace_stack_i     Unknown  Unknown
2018-11-07 10:02:57,941 - isca - DEBUG - libintlc.so.5      00002B57DF4DBD2B  tbk_string_stack_     Unknown  Unknown
2018-11-07 10:02:57,941 - isca - DEBUG - libifcoremt.so.5   00002B57DDB25AC2  Unknown               Unknown  Unknown
2018-11-07 10:02:57,941 - isca - DEBUG - libifcoremt.so.5   00002B57DDB25916  tbk_stack_trace       Unknown  Unknown
2018-11-07 10:02:57,941 - isca - DEBUG - libifcoremt.so.5   00002B57DDA7EAB0  for__issue_diagno     Unknown  Unknown
2018-11-07 10:02:57,941 - isca - DEBUG - libifcoremt.so.5   00002B57DDA90658  for__signal_handl     Unknown  Unknown
2018-11-07 10:02:57,941 - isca - DEBUG - libpthread-2.17.s  00002B57DD603370  Unknown               Unknown  Unknown
2018-11-07 10:02:57,941 - isca - DEBUG - isca.x             0000000000CF50A5  Unknown               Unknown  Unknown
2018-11-07 10:02:57,941 - isca - DEBUG - isca.x             0000000000D7F8E5  Unknown               Unknown  Unknown
2018-11-07 10:02:57,941 - isca - DEBUG - isca.x             0000000000544398  Unknown               Unknown  Unknown
2018-11-07 10:02:57,941 - isca - DEBUG - isca.x             000000000041B557  Unknown               Unknown  Unknown
2018-11-07 10:02:57,941 - isca - DEBUG - isca.x             0000000000E2E87F  Unknown               Unknown  Unknown
2018-11-07 10:02:57,941 - isca - DEBUG - isca.x             000000000040522E  Unknown               Unknown  Unknown
2018-11-07 10:02:57,941 - isca - DEBUG - libc-2.17.so       00002B57DF752B35  __libc_start_main     Unknown  Unknown
2018-11-07 10:02:57,941 - isca - DEBUG - isca.x             0000000000405129  Unknown               Unknown  Unknown
2018-11-07 10:02:57,942 - isca - DEBUG - forrtl: severe (174): SIGSEGV, segmentation fault occurred
2018-11-07 10:02:57,942 - isca - DEBUG - Image              PC                Routine            Line        Source
2018-11-07 10:02:57,942 - isca - DEBUG - libintlc.so.5      00002B5BE36B4BF1  tbk_trace_stack_i     Unknown  Unknown
2018-11-07 10:02:57,942 - isca - DEBUG - libintlc.so.5      00002B5BE36B2D2B  tbk_string_stack_     Unknown  Unknown
2018-11-07 10:02:57,942 - isca - DEBUG - libifcoremt.so.5   00002B5BE1CFCAC2  Unknown               Unknown  Unknown
2018-11-07 10:02:57,942 - isca - DEBUG - libifcoremt.so.5   00002B5BE1CFC916  tbk_stack_trace       Unknown  Unknown
2018-11-07 10:02:57,942 - isca - DEBUG - libifcoremt.so.5   00002B5BE1C55AB0  for__issue_diagno     Unknown  Unknown
2018-11-07 10:02:57,942 - isca - DEBUG - libifcoremt.so.5   00002B5BE1C67658  for__signal_handl     Unknown  Unknown
2018-11-07 10:02:57,942 - isca - DEBUG - libpthread-2.17.s  00002B5BE17DA370  Unknown               Unknown  Unknown
2018-11-07 10:02:57,942 - isca - DEBUG - isca.x             0000000000CF50A5  Unknown               Unknown  Unknown
2018-11-07 10:02:57,942 - isca - DEBUG - isca.x             0000000000D7F8E5  Unknown               Unknown  Unknown
2018-11-07 10:02:57,942 - isca - DEBUG - isca.x             0000000000544398  Unknown               Unknown  Unknown
2018-11-07 10:02:57,942 - isca - DEBUG - isca.x             000000000041B557  Unknown               Unknown  Unknown
2018-11-07 10:02:57,942 - isca - DEBUG - isca.x             0000000000E2E87F  Unknown               Unknown  Unknown
2018-11-07 10:02:57,942 - isca - DEBUG - isca.x             000000000040522E  Unknown               Unknown  Unknown
2018-11-07 10:02:57,942 - isca - DEBUG - libc-2.17.so       00002B5BE3929B35  __libc_start_main     Unknown  Unknown
2018-11-07 10:02:57,942 - isca - DEBUG - isca.x             0000000000405129  Unknown               Unknown  Unknown
Exception in thread background thread for pid 31265:
Traceback (most recent call last):
  File "/mnt/storage/home/dm16883/.conda/envs/isca_env/lib/python3.6/threading.py", line 916, in _bootstrap_inner
    self.run()
  File "/mnt/storage/home/dm16883/.conda/envs/isca_env/lib/python3.6/threading.py", line 864, in run
    self._target(*self._args, **self._kwargs)
  File "/mnt/storage/home/dm16883/.conda/envs/isca_env/lib/python3.6/site-packages/sh.py", line 1540, in wrap
    fn(*args, **kwargs)
  File "/mnt/storage/home/dm16883/.conda/envs/isca_env/lib/python3.6/site-packages/sh.py", line 2459, in background_thread
    handle_exit_code(exit_code)
  File "/mnt/storage/home/dm16883/.conda/envs/isca_env/lib/python3.6/site-packages/sh.py", line 2157, in fn
    return self.command.handle_command_exit_code(exit_code)
  File "/mnt/storage/home/dm16883/.conda/envs/isca_env/lib/python3.6/site-packages/sh.py", line 815, in handle_command_exit_code
    raise exc
sh.ErrorReturnCode_174: 

  RAN: /usr/bin/bash /mnt/storage/home/dm16883/Exo-planets/Model_runs/experiment/earth1/run/run.sh

  STDOUT:


  STDERR:


2018-11-07 10:02:57,991 - isca - ERROR - Run 1 failed. See log for details.
2018-11-07 10:02:57,991 - isca - ERROR - Error: ErrorReturnCode_174('\n\n  RAN: /usr/bin/bash /mnt/storage/home/dm16883/Exo-planets/Model_runs/experiment/earth1/run/run.sh\n\n  STDOUT:\n\n\n  STDERR:\n',)
Traceback (most recent call last):
  File "/mnt/storage/home/dm16883/Exo-planets/Isca/src/extra/python/isca/experiment.py", line 266, in run
    proc.wait()
  File "/mnt/storage/home/dm16883/.conda/envs/isca_env/lib/python3.6/site-packages/sh.py", line 792, in wait
    self.handle_command_exit_code(exit_code)
  File "/mnt/storage/home/dm16883/.conda/envs/isca_env/lib/python3.6/site-packages/sh.py", line 815, in handle_command_exit_code
    raise exc
sh.ErrorReturnCode_174: 

  RAN: /usr/bin/bash /mnt/storage/home/dm16883/Exo-planets/Model_runs/experiment/earth1/run/run.sh

  STDOUT:


  STDERR:


During handling of the above exception, another exception occurred:

Traceback (most recent call last):
  File "earth1.py", line 74, in <module>
    exp.run(1, use_restart=False, num_cores=NCORES)
  File "/mnt/storage/home/dm16883/Exo-planets/Isca/src/extra/python/isca/helpers.py", line 22, in _destructive
    return fn(*args, **kwargs)
  File "/mnt/storage/home/dm16883/Exo-planets/Isca/src/extra/python/isca/helpers.py", line 38, in _useworkdir
    return fn(*args, **kwargs)
  File "/mnt/storage/home/dm16883/Exo-planets/Isca/src/extra/python/isca/experiment.py", line 280, in run
    raise FailedRunError()
isca.experiment.FailedRunError

real	0m13.447s
user	0m1.812s
sys	0m0.652s
